// Jest Snapshot v1, https://goo.gl/fbAQLP

exports[`match previous snapshot 1`] = `
<div
  className="brand row"
>
  <div
    className="col"
  >
    <h3>
      <img
        alt=""
        height="50"
        src="toto"
      />
       
      test
    </h3>
  </div>
  <div
    className="col text-right"
  />
</div>
`;
